// Vitest Snapshot v1, https://vitest.dev/guide/snapshot.html

exports[`Generate Pokemon JSON > should generate Charizard for BLACK_2_WHITE_2 1`] = `"{"name":"charizard","displayName":"Charizard","isDefault":true,"modes":[{"name":"charizard","displayName":"Charizard","sprite":"https://raw.githubusercontent.com/PokeAPI/sprites/master/sprites/pokemon/6.png","isDefault":true,"types":["Fire","Flying"]}],"evolution":{"from":"charmeleon","evolutionBranches":[]},"encounters":[{"method":"EVOLVE"}],"species":{"name":"charizard","displayName":"Charizard","nationalDexNumber":6}}"`;

exports[`Generate Pokemon JSON > should generate Charizard for BLACK_2_WHITE_2 2`] = `"{"name":"charizard","displayName":"Charizard","nationalDexNumber":6,"forms":[{"name":"charizard","displayName":"Charizard","isDefault":true,"modes":[{"name":"charizard","displayName":"Charizard","sprite":"https://raw.githubusercontent.com/PokeAPI/sprites/master/sprites/pokemon/6.png","isDefault":true,"types":["Fire","Flying"]}],"evolution":{"from":"charmeleon","evolutionBranches":[]},"encounters":[{"method":"EVOLVE"}]}]}"`;

exports[`Generate Pokemon JSON > should generate Charizard for BLACK_WHITE 1`] = `"{"name":"charizard","displayName":"Charizard","isDefault":true,"modes":[{"name":"charizard","displayName":"Charizard","sprite":"https://raw.githubusercontent.com/PokeAPI/sprites/master/sprites/pokemon/6.png","isDefault":true,"types":["Fire","Flying"]}],"evolution":{"from":"charmeleon","evolutionBranches":[]},"encounters":[{"method":"EVOLVE"}],"species":{"name":"charizard","displayName":"Charizard","nationalDexNumber":6}}"`;

exports[`Generate Pokemon JSON > should generate Charizard for BLACK_WHITE 2`] = `"{"name":"charizard","displayName":"Charizard","nationalDexNumber":6,"forms":[{"name":"charizard","displayName":"Charizard","isDefault":true,"modes":[{"name":"charizard","displayName":"Charizard","sprite":"https://raw.githubusercontent.com/PokeAPI/sprites/master/sprites/pokemon/6.png","isDefault":true,"types":["Fire","Flying"]}],"evolution":{"from":"charmeleon","evolutionBranches":[]},"encounters":[{"method":"EVOLVE"}]}]}"`;

exports[`Generate Pokemon JSON > should generate Charizard for CRYSTAL 1`] = `"{"name":"charizard","displayName":"Charizard","isDefault":true,"modes":[{"name":"charizard","displayName":"Charizard","sprite":"https://raw.githubusercontent.com/PokeAPI/sprites/master/sprites/pokemon/6.png","isDefault":true,"types":["Fire","Flying"]}],"evolution":{"from":"charmeleon","evolutionBranches":[]},"encounters":[{"method":"EVOLVE"}],"species":{"name":"charizard","displayName":"Charizard","nationalDexNumber":6}}"`;

exports[`Generate Pokemon JSON > should generate Charizard for CRYSTAL 2`] = `"{"name":"charizard","displayName":"Charizard","nationalDexNumber":6,"forms":[{"name":"charizard","displayName":"Charizard","isDefault":true,"modes":[{"name":"charizard","displayName":"Charizard","sprite":"https://raw.githubusercontent.com/PokeAPI/sprites/master/sprites/pokemon/6.png","isDefault":true,"types":["Fire","Flying"]}],"evolution":{"from":"charmeleon","evolutionBranches":[]},"encounters":[{"method":"EVOLVE"}]}]}"`;

exports[`Generate Pokemon JSON > should generate Charizard for DIAMOND_PEARL 1`] = `"{"name":"charizard","displayName":"Charizard","isDefault":true,"modes":[{"name":"charizard","displayName":"Charizard","sprite":"https://raw.githubusercontent.com/PokeAPI/sprites/master/sprites/pokemon/6.png","isDefault":true,"types":["Fire","Flying"]}],"evolution":{"from":"charmeleon","evolutionBranches":[]},"encounters":[{"method":"EVOLVE"}],"species":{"name":"charizard","displayName":"Charizard","nationalDexNumber":6}}"`;

exports[`Generate Pokemon JSON > should generate Charizard for DIAMOND_PEARL 2`] = `"{"name":"charizard","displayName":"Charizard","nationalDexNumber":6,"forms":[{"name":"charizard","displayName":"Charizard","isDefault":true,"modes":[{"name":"charizard","displayName":"Charizard","sprite":"https://raw.githubusercontent.com/PokeAPI/sprites/master/sprites/pokemon/6.png","isDefault":true,"types":["Fire","Flying"]}],"evolution":{"from":"charmeleon","evolutionBranches":[]},"encounters":[{"method":"EVOLVE"}]}]}"`;

exports[`Generate Pokemon JSON > should generate Charizard for EMERALD 1`] = `"{"name":"charizard","displayName":"Charizard","isDefault":true,"modes":[{"name":"charizard","displayName":"Charizard","sprite":"https://raw.githubusercontent.com/PokeAPI/sprites/master/sprites/pokemon/6.png","isDefault":true,"types":["Fire","Flying"]}],"evolution":{"from":"charmeleon","evolutionBranches":[]},"encounters":[{"method":"EVOLVE"}],"species":{"name":"charizard","displayName":"Charizard","nationalDexNumber":6}}"`;

exports[`Generate Pokemon JSON > should generate Charizard for EMERALD 2`] = `"{"name":"charizard","displayName":"Charizard","nationalDexNumber":6,"forms":[{"name":"charizard","displayName":"Charizard","isDefault":true,"modes":[{"name":"charizard","displayName":"Charizard","sprite":"https://raw.githubusercontent.com/PokeAPI/sprites/master/sprites/pokemon/6.png","isDefault":true,"types":["Fire","Flying"]}],"evolution":{"from":"charmeleon","evolutionBranches":[]},"encounters":[{"method":"EVOLVE"}]}]}"`;

exports[`Generate Pokemon JSON > should generate Charizard for FIRERED_LEAFGREEN 1`] = `"{"name":"charizard","displayName":"Charizard","isDefault":true,"modes":[{"name":"charizard","displayName":"Charizard","sprite":"https://raw.githubusercontent.com/PokeAPI/sprites/master/sprites/pokemon/6.png","isDefault":true,"types":["Fire","Flying"]}],"evolution":{"from":"charmeleon","evolutionBranches":[]},"encounters":[{"method":"EVOLVE"}],"species":{"name":"charizard","displayName":"Charizard","nationalDexNumber":6}}"`;

exports[`Generate Pokemon JSON > should generate Charizard for FIRERED_LEAFGREEN 2`] = `"{"name":"charizard","displayName":"Charizard","nationalDexNumber":6,"forms":[{"name":"charizard","displayName":"Charizard","isDefault":true,"modes":[{"name":"charizard","displayName":"Charizard","sprite":"https://raw.githubusercontent.com/PokeAPI/sprites/master/sprites/pokemon/6.png","isDefault":true,"types":["Fire","Flying"]}],"evolution":{"from":"charmeleon","evolutionBranches":[]},"encounters":[{"method":"EVOLVE"}]}]}"`;

exports[`Generate Pokemon JSON > should generate Charizard for GOLD_SILVER 1`] = `"{"name":"charizard","displayName":"Charizard","isDefault":true,"modes":[{"name":"charizard","displayName":"Charizard","sprite":"https://raw.githubusercontent.com/PokeAPI/sprites/master/sprites/pokemon/6.png","isDefault":true,"types":["Fire","Flying"]}],"evolution":{"from":"charmeleon","evolutionBranches":[]},"encounters":[{"method":"EVOLVE"}],"species":{"name":"charizard","displayName":"Charizard","nationalDexNumber":6}}"`;

exports[`Generate Pokemon JSON > should generate Charizard for GOLD_SILVER 2`] = `"{"name":"charizard","displayName":"Charizard","nationalDexNumber":6,"forms":[{"name":"charizard","displayName":"Charizard","isDefault":true,"modes":[{"name":"charizard","displayName":"Charizard","sprite":"https://raw.githubusercontent.com/PokeAPI/sprites/master/sprites/pokemon/6.png","isDefault":true,"types":["Fire","Flying"]}],"evolution":{"from":"charmeleon","evolutionBranches":[]},"encounters":[{"method":"EVOLVE"}]}]}"`;

exports[`Generate Pokemon JSON > should generate Charizard for HEARTGOLD_SOULSILVER 1`] = `"{"name":"charizard","displayName":"Charizard","isDefault":true,"modes":[{"name":"charizard","displayName":"Charizard","sprite":"https://raw.githubusercontent.com/PokeAPI/sprites/master/sprites/pokemon/6.png","isDefault":true,"types":["Fire","Flying"]}],"evolution":{"from":"charmeleon","evolutionBranches":[]},"encounters":[{"method":"EVOLVE"}],"species":{"name":"charizard","displayName":"Charizard","nationalDexNumber":6}}"`;

exports[`Generate Pokemon JSON > should generate Charizard for HEARTGOLD_SOULSILVER 2`] = `"{"name":"charizard","displayName":"Charizard","nationalDexNumber":6,"forms":[{"name":"charizard","displayName":"Charizard","isDefault":true,"modes":[{"name":"charizard","displayName":"Charizard","sprite":"https://raw.githubusercontent.com/PokeAPI/sprites/master/sprites/pokemon/6.png","isDefault":true,"types":["Fire","Flying"]}],"evolution":{"from":"charmeleon","evolutionBranches":[]},"encounters":[{"method":"EVOLVE"}]}]}"`;

exports[`Generate Pokemon JSON > should generate Charizard for OMEGA_RUBY_ALPHA_SAPPHIRE 1`] = `"{"name":"charizard","displayName":"Charizard","isDefault":true,"modes":[{"name":"charizard","displayName":"Charizard","sprite":"https://raw.githubusercontent.com/PokeAPI/sprites/master/sprites/pokemon/6.png","isDefault":true,"types":["Fire","Flying"]},{"name":"charizard-mega-x","displayName":"Mega Charizard X","sprite":"https://raw.githubusercontent.com/PokeAPI/sprites/master/sprites/pokemon/10034.png","isDefault":false,"types":["Fire","Dragon"]},{"name":"charizard-mega-y","displayName":"Mega Charizard Y","sprite":"https://raw.githubusercontent.com/PokeAPI/sprites/master/sprites/pokemon/10035.png","isDefault":false,"types":["Fire","Flying"]}],"evolution":{"from":"charmeleon","evolutionBranches":[]},"encounters":[{"method":"EVOLVE"}],"species":{"name":"charizard","displayName":"Charizard","nationalDexNumber":6}}"`;

exports[`Generate Pokemon JSON > should generate Charizard for OMEGA_RUBY_ALPHA_SAPPHIRE 2`] = `"{"name":"charizard","displayName":"Charizard","nationalDexNumber":6,"forms":[{"name":"charizard","displayName":"Charizard","isDefault":true,"modes":[{"name":"charizard","displayName":"Charizard","sprite":"https://raw.githubusercontent.com/PokeAPI/sprites/master/sprites/pokemon/6.png","isDefault":true,"types":["Fire","Flying"]},{"name":"charizard-mega-x","displayName":"Mega Charizard X","sprite":"https://raw.githubusercontent.com/PokeAPI/sprites/master/sprites/pokemon/10034.png","isDefault":false,"types":["Fire","Dragon"]},{"name":"charizard-mega-y","displayName":"Mega Charizard Y","sprite":"https://raw.githubusercontent.com/PokeAPI/sprites/master/sprites/pokemon/10035.png","isDefault":false,"types":["Fire","Flying"]}],"evolution":{"from":"charmeleon","evolutionBranches":[]},"encounters":[{"method":"EVOLVE"}]}]}"`;

exports[`Generate Pokemon JSON > should generate Charizard for PLATINUM 1`] = `"{"name":"charizard","displayName":"Charizard","isDefault":true,"modes":[{"name":"charizard","displayName":"Charizard","sprite":"https://raw.githubusercontent.com/PokeAPI/sprites/master/sprites/pokemon/6.png","isDefault":true,"types":["Fire","Flying"]}],"evolution":{"from":"charmeleon","evolutionBranches":[]},"encounters":[{"method":"EVOLVE"}],"species":{"name":"charizard","displayName":"Charizard","nationalDexNumber":6}}"`;

exports[`Generate Pokemon JSON > should generate Charizard for PLATINUM 2`] = `"{"name":"charizard","displayName":"Charizard","nationalDexNumber":6,"forms":[{"name":"charizard","displayName":"Charizard","isDefault":true,"modes":[{"name":"charizard","displayName":"Charizard","sprite":"https://raw.githubusercontent.com/PokeAPI/sprites/master/sprites/pokemon/6.png","isDefault":true,"types":["Fire","Flying"]}],"evolution":{"from":"charmeleon","evolutionBranches":[]},"encounters":[{"method":"EVOLVE"}]}]}"`;

exports[`Generate Pokemon JSON > should generate Charizard for RED_BLUE 1`] = `"{"name":"charizard","displayName":"Charizard","isDefault":true,"modes":[{"name":"charizard","displayName":"Charizard","sprite":"https://raw.githubusercontent.com/PokeAPI/sprites/master/sprites/pokemon/6.png","isDefault":true,"types":["Fire","Flying"]}],"evolution":{"from":"charmeleon","evolutionBranches":[]},"encounters":[{"method":"EVOLVE"}],"species":{"name":"charizard","displayName":"Charizard","nationalDexNumber":6}}"`;

exports[`Generate Pokemon JSON > should generate Charizard for RED_BLUE 2`] = `"{"name":"charizard","displayName":"Charizard","nationalDexNumber":6,"forms":[{"name":"charizard","displayName":"Charizard","isDefault":true,"modes":[{"name":"charizard","displayName":"Charizard","sprite":"https://raw.githubusercontent.com/PokeAPI/sprites/master/sprites/pokemon/6.png","isDefault":true,"types":["Fire","Flying"]}],"evolution":{"from":"charmeleon","evolutionBranches":[]},"encounters":[{"method":"EVOLVE"}]}]}"`;

exports[`Generate Pokemon JSON > should generate Charizard for RUBY_SAPPHIRE 1`] = `"{"name":"charizard","displayName":"Charizard","isDefault":true,"modes":[{"name":"charizard","displayName":"Charizard","sprite":"https://raw.githubusercontent.com/PokeAPI/sprites/master/sprites/pokemon/6.png","isDefault":true,"types":["Fire","Flying"]}],"evolution":{"from":"charmeleon","evolutionBranches":[]},"encounters":[{"method":"EVOLVE"}],"species":{"name":"charizard","displayName":"Charizard","nationalDexNumber":6}}"`;

exports[`Generate Pokemon JSON > should generate Charizard for RUBY_SAPPHIRE 2`] = `"{"name":"charizard","displayName":"Charizard","nationalDexNumber":6,"forms":[{"name":"charizard","displayName":"Charizard","isDefault":true,"modes":[{"name":"charizard","displayName":"Charizard","sprite":"https://raw.githubusercontent.com/PokeAPI/sprites/master/sprites/pokemon/6.png","isDefault":true,"types":["Fire","Flying"]}],"evolution":{"from":"charmeleon","evolutionBranches":[]},"encounters":[{"method":"EVOLVE"}]}]}"`;

exports[`Generate Pokemon JSON > should generate Charizard for SCARLET_VIOLET 1`] = `"{"name":"charizard","displayName":"Charizard","isDefault":true,"modes":[{"name":"charizard","displayName":"Charizard","sprite":"https://raw.githubusercontent.com/PokeAPI/sprites/master/sprites/pokemon/6.png","isDefault":true,"types":["Fire","Flying"]}],"evolution":{"from":"charmeleon","evolutionBranches":[]},"encounters":[{"method":"EVOLVE"}],"species":{"name":"charizard","displayName":"Charizard","nationalDexNumber":6}}"`;

exports[`Generate Pokemon JSON > should generate Charizard for SCARLET_VIOLET 2`] = `"{"name":"charizard","displayName":"Charizard","nationalDexNumber":6,"forms":[{"name":"charizard","displayName":"Charizard","isDefault":true,"modes":[{"name":"charizard","displayName":"Charizard","sprite":"https://raw.githubusercontent.com/PokeAPI/sprites/master/sprites/pokemon/6.png","isDefault":true,"types":["Fire","Flying"]}],"evolution":{"from":"charmeleon","evolutionBranches":[]},"encounters":[{"method":"EVOLVE"}]}]}"`;

exports[`Generate Pokemon JSON > should generate Charizard for SUN_MOON 1`] = `"{"name":"charizard","displayName":"Charizard","isDefault":true,"modes":[{"name":"charizard","displayName":"Charizard","sprite":"https://raw.githubusercontent.com/PokeAPI/sprites/master/sprites/pokemon/6.png","isDefault":true,"types":["Fire","Flying"]}],"evolution":{"from":"charmeleon","evolutionBranches":[]},"encounters":[{"method":"EVOLVE"}],"species":{"name":"charizard","displayName":"Charizard","nationalDexNumber":6}}"`;

exports[`Generate Pokemon JSON > should generate Charizard for SUN_MOON 2`] = `"{"name":"charizard","displayName":"Charizard","nationalDexNumber":6,"forms":[{"name":"charizard","displayName":"Charizard","isDefault":true,"modes":[{"name":"charizard","displayName":"Charizard","sprite":"https://raw.githubusercontent.com/PokeAPI/sprites/master/sprites/pokemon/6.png","isDefault":true,"types":["Fire","Flying"]}],"evolution":{"from":"charmeleon","evolutionBranches":[]},"encounters":[{"method":"EVOLVE"}]}]}"`;

exports[`Generate Pokemon JSON > should generate Charizard for SWORD_SHIELD 1`] = `"{"name":"charizard","displayName":"Charizard","isDefault":true,"modes":[{"name":"charizard","displayName":"Charizard","sprite":"https://raw.githubusercontent.com/PokeAPI/sprites/master/sprites/pokemon/6.png","isDefault":true,"types":["Fire","Flying"]},{"name":"charizard-gmax","displayName":"Gigantamax Charizard","sprite":"https://raw.githubusercontent.com/PokeAPI/sprites/master/sprites/pokemon/10196.png","isDefault":false,"types":["Fire","Flying"]}],"evolution":{"from":"charmeleon","evolutionBranches":[]},"encounters":[{"method":"EVOLVE"}],"species":{"name":"charizard","displayName":"Charizard","nationalDexNumber":6}}"`;

exports[`Generate Pokemon JSON > should generate Charizard for SWORD_SHIELD 2`] = `"{"name":"charizard","displayName":"Charizard","nationalDexNumber":6,"forms":[{"name":"charizard","displayName":"Charizard","isDefault":true,"modes":[{"name":"charizard","displayName":"Charizard","sprite":"https://raw.githubusercontent.com/PokeAPI/sprites/master/sprites/pokemon/6.png","isDefault":true,"types":["Fire","Flying"]},{"name":"charizard-gmax","displayName":"Gigantamax Charizard","sprite":"https://raw.githubusercontent.com/PokeAPI/sprites/master/sprites/pokemon/10196.png","isDefault":false,"types":["Fire","Flying"]}],"evolution":{"from":"charmeleon","evolutionBranches":[]},"encounters":[{"method":"EVOLVE"}]}]}"`;

exports[`Generate Pokemon JSON > should generate Charizard for ULTRA_SUN_ULTRA_MOON 1`] = `"{"name":"charizard","displayName":"Charizard","isDefault":true,"modes":[{"name":"charizard","displayName":"Charizard","sprite":"https://raw.githubusercontent.com/PokeAPI/sprites/master/sprites/pokemon/6.png","isDefault":true,"types":["Fire","Flying"]}],"evolution":{"from":"charmeleon","evolutionBranches":[]},"encounters":[{"method":"EVOLVE"}],"species":{"name":"charizard","displayName":"Charizard","nationalDexNumber":6}}"`;

exports[`Generate Pokemon JSON > should generate Charizard for ULTRA_SUN_ULTRA_MOON 2`] = `"{"name":"charizard","displayName":"Charizard","nationalDexNumber":6,"forms":[{"name":"charizard","displayName":"Charizard","isDefault":true,"modes":[{"name":"charizard","displayName":"Charizard","sprite":"https://raw.githubusercontent.com/PokeAPI/sprites/master/sprites/pokemon/6.png","isDefault":true,"types":["Fire","Flying"]}],"evolution":{"from":"charmeleon","evolutionBranches":[]},"encounters":[{"method":"EVOLVE"}]}]}"`;

exports[`Generate Pokemon JSON > should generate Charizard for XY 1`] = `"{"name":"charizard","displayName":"Charizard","isDefault":true,"modes":[{"name":"charizard","displayName":"Charizard","sprite":"https://raw.githubusercontent.com/PokeAPI/sprites/master/sprites/pokemon/6.png","isDefault":true,"types":["Fire","Flying"]},{"name":"charizard-mega-x","displayName":"Mega Charizard X","sprite":"https://raw.githubusercontent.com/PokeAPI/sprites/master/sprites/pokemon/10034.png","isDefault":false,"types":["Fire","Dragon"]},{"name":"charizard-mega-y","displayName":"Mega Charizard Y","sprite":"https://raw.githubusercontent.com/PokeAPI/sprites/master/sprites/pokemon/10035.png","isDefault":false,"types":["Fire","Flying"]}],"evolution":{"from":"charmeleon","evolutionBranches":[]},"encounters":[{"method":"EVOLVE"}],"species":{"name":"charizard","displayName":"Charizard","nationalDexNumber":6}}"`;

exports[`Generate Pokemon JSON > should generate Charizard for XY 2`] = `"{"name":"charizard","displayName":"Charizard","nationalDexNumber":6,"forms":[{"name":"charizard","displayName":"Charizard","isDefault":true,"modes":[{"name":"charizard","displayName":"Charizard","sprite":"https://raw.githubusercontent.com/PokeAPI/sprites/master/sprites/pokemon/6.png","isDefault":true,"types":["Fire","Flying"]},{"name":"charizard-mega-x","displayName":"Mega Charizard X","sprite":"https://raw.githubusercontent.com/PokeAPI/sprites/master/sprites/pokemon/10034.png","isDefault":false,"types":["Fire","Dragon"]},{"name":"charizard-mega-y","displayName":"Mega Charizard Y","sprite":"https://raw.githubusercontent.com/PokeAPI/sprites/master/sprites/pokemon/10035.png","isDefault":false,"types":["Fire","Flying"]}],"evolution":{"from":"charmeleon","evolutionBranches":[]},"encounters":[{"method":"EVOLVE"}]}]}"`;

exports[`Generate Pokemon JSON > should generate Charizard for YELLOW 1`] = `"{"name":"charizard","displayName":"Charizard","isDefault":true,"modes":[{"name":"charizard","displayName":"Charizard","sprite":"https://raw.githubusercontent.com/PokeAPI/sprites/master/sprites/pokemon/6.png","isDefault":true,"types":["Fire","Flying"]}],"evolution":{"from":"charmeleon","evolutionBranches":[]},"encounters":[{"method":"EVOLVE"}],"species":{"name":"charizard","displayName":"Charizard","nationalDexNumber":6}}"`;

exports[`Generate Pokemon JSON > should generate Charizard for YELLOW 2`] = `"{"name":"charizard","displayName":"Charizard","nationalDexNumber":6,"forms":[{"name":"charizard","displayName":"Charizard","isDefault":true,"modes":[{"name":"charizard","displayName":"Charizard","sprite":"https://raw.githubusercontent.com/PokeAPI/sprites/master/sprites/pokemon/6.png","isDefault":true,"types":["Fire","Flying"]}],"evolution":{"from":"charmeleon","evolutionBranches":[]},"encounters":[{"method":"EVOLVE"}]}]}"`;
